#-----------------------------------------------------------
# Vivado v2022.1 (64-bit)
# SW Build 3526262 on Mon Apr 18 15:48:16 MDT 2022
# IP Build 3524634 on Mon Apr 18 20:55:01 MDT 2022
# Start of session at: Thu Mar  6 08:26:30 2025
# Process ID: 9280
# Current directory: P:/PLD_VHDL/STOPWATCH
# Command line: vivado.exe -gui_launcher_event rodinguilauncherevent6004 P:\PLD_VHDL\STOPWATCH\Stopwatch.xpr
# Log file: P:/PLD_VHDL/STOPWATCH/vivado.log
# Journal file: P:/PLD_VHDL/STOPWATCH\vivado.jou
# Running On: PC-077, OS: Windows, CPU Frequency: 3293 MHz, CPU Physical cores: 4, Host memory: 4160 MB
#-----------------------------------------------------------
start_gui
open_project P:/PLD_VHDL/STOPWATCH/Stopwatch.xpr
update_compile_order -fileset sources_1
set_property -name {xsim.simulate.runtime} -value {-all} -objects [get_filesets sim_1]
launch_simulation
source ce_gen_tb.tcl
export_ip_user_files -of_objects  [get_files P:/PLD_VHDL/STOPWATCH/SOURCES/SIM/stopwatch_tb.vhd] -no_script -reset -force -quiet
remove_files  -fileset sim_1 P:/PLD_VHDL/STOPWATCH/SOURCES/SIM/stopwatch_tb.vhd
set_property SOURCE_SET sources_1 [get_filesets sim_1]
close [ open P:/PLD_VHDL/STOPWATCH/sources/bcd_counter_tb.vhd w ]
add_files -fileset sim_1 P:/PLD_VHDL/STOPWATCH/sources/bcd_counter_tb.vhd
update_compile_order -fileset sim_1
# Disabling source management mode.  This is to allow the top design properties to be set without GUI intervention.
set_property source_mgmt_mode None [current_project]
set_property top bcd_counter_tb [get_filesets sim_1]
set_property top_lib xil_defaultlib [get_filesets sim_1]
# Re-enabling previously disabled source management mode.
set_property source_mgmt_mode All [current_project]
update_compile_order -fileset sim_1
launch_simulation
close_sim
launch_simulation
source bcd_counter_tb.tcl
close_sim
launch_simulation
source bcd_counter_tb.tcl
close_sim
launch_simulation
source bcd_counter_tb.tcl
current_wave_config {Untitled 4}
add_wave {{/bcd_counter_tb/bcd_counter_i/cnt_0_reg}} 
current_wave_config {Untitled 4}
add_wave {{/bcd_counter_tb/bcd_counter_i/cnt_1_reg}} 
current_wave_config {Untitled 4}
add_wave {{/bcd_counter_tb/bcd_counter_i/cnt_2_reg}} 
current_wave_config {Untitled 4}
add_wave {{/bcd_counter_tb/bcd_counter_i/cnt_3_reg}} 
relaunch_sim
relaunch_sim
relaunch_sim
relaunch_sim
relaunch_sim
relaunch_sim
relaunch_sim
close_sim
launch_simulation
source bcd_counter_tb.tcl
relaunch_sim
close_sim
# Disabling source management mode.  This is to allow the top design properties to be set without GUI intervention.
set_property source_mgmt_mode None [current_project]
set_property top btn_in_tb [get_filesets sim_1]
set_property top_lib xil_defaultlib [get_filesets sim_1]
# Re-enabling previously disabled source management mode.
set_property source_mgmt_mode All [current_project]
update_compile_order -fileset sim_1
launch_simulation
source btn_in_tb.tcl
close_sim
launch_simulation
source btn_in_tb.tcl
current_wave_config {Untitled 7}
add_wave {{/btn_in_tb/btn_in_i/debouncer_i/debounce_cnt}} 
current_wave_config {Untitled 7}
add_wave {{/btn_in_tb/btn_in_i/debouncer_i/input_state}} 
current_wave_config {Untitled 7}
add_wave {{/btn_in_tb/btn_in_i/debouncer_i/BTN_OUT}} 
current_wave_config {Untitled 7}
add_wave {{/btn_in_tb/btn_in_i/debouncer_i/BTN_IN}} 
current_wave_config {Untitled 7}
add_wave {{/btn_in_tb/btn_in_i/debouncer_i/G_DEB_PERIOD}} 
relaunch_sim
relaunch_sim
relaunch_sim
current_wave_config {Untitled 7}
add_wave {{/btn_in_tb/btn_in_i/sync_reg_i/SIG_OUT}} 
relaunch_sim
relaunch_sim
close_sim
